0, 1350 MHz, 6800 MHz, 60.02 W, 53
1, 1350 MHz, 6800 MHz, 75.19 W, 49
2, 1350 MHz, 6800 MHz, 81.61 W, 54
3, 1350 MHz, 6800 MHz, 68.26 W, 55
0, 1890 MHz, 6800 MHz, 103.71 W, 56
1, 1905 MHz, 6800 MHz, 109.47 W, 52
2, 1710 MHz, 6800 MHz, 159.33 W, 56
3, 1860 MHz, 6800 MHz, 156.67 W, 59
0, 1875 MHz, 6800 MHz, 177.16 W, 59
1, 1890 MHz, 6800 MHz, 198.76 W, 56
2, 1875 MHz, 6800 MHz, 208.98 W, 60
3, 1860 MHz, 6800 MHz, 195.38 W, 62
0, 1875 MHz, 6800 MHz, 85.60 W, 56
1, 1890 MHz, 6800 MHz, 105.25 W, 53
2, 1875 MHz, 6800 MHz, 106.83 W, 57
3, 1860 MHz, 6800 MHz, 95.20 W, 59
0, 1875 MHz, 6800 MHz, 179.30 W, 59
1, 1890 MHz, 6800 MHz, 186.60 W, 56
2, 1875 MHz, 6800 MHz, 188.48 W, 60
3, 1860 MHz, 6800 MHz, 191.81 W, 62
0, 1875 MHz, 6800 MHz, 196.02 W, 61
1, 1890 MHz, 6800 MHz, 203.29 W, 58
2, 1875 MHz, 6800 MHz, 209.58 W, 61
3, 1860 MHz, 6800 MHz, 201.03 W, 64
0, 1875 MHz, 6800 MHz, 185.51 W, 61
1, 1890 MHz, 6800 MHz, 198.71 W, 58
2, 1875 MHz, 6800 MHz, 211.30 W, 62
3, 1860 MHz, 6800 MHz, 200.90 W, 65
0, 1875 MHz, 6800 MHz, 88.90 W, 58
1, 1890 MHz, 6800 MHz, 107.06 W, 55
2, 1875 MHz, 6800 MHz, 111.20 W, 59
3, 1860 MHz, 6800 MHz, 102.81 W, 61
0, 1875 MHz, 6800 MHz, 87.22 W, 57
1, 1890 MHz, 6800 MHz, 105.82 W, 54
2, 1875 MHz, 6800 MHz, 108.86 W, 58
3, 1860 MHz, 6800 MHz, 97.56 W, 60
0, 1875 MHz, 6800 MHz, 187.38 W, 61
1, 1890 MHz, 6800 MHz, 202.38 W, 58
2, 1875 MHz, 6800 MHz, 209.75 W, 62
3, 1860 MHz, 6800 MHz, 194.63 W, 64
0, 1875 MHz, 6800 MHz, 200.06 W, 61
1, 1890 MHz, 6800 MHz, 217.18 W, 59
2, 1875 MHz, 6800 MHz, 221.27 W, 62
3, 1860 MHz, 6800 MHz, 221.08 W, 65
0, 1875 MHz, 6800 MHz, 193.94 W, 62
1, 1890 MHz, 6800 MHz, 209.43 W, 59
2, 1875 MHz, 6800 MHz, 211.37 W, 63
3, 1860 MHz, 6800 MHz, 203.85 W, 66
0, 1875 MHz, 6800 MHz, 189.29 W, 62
1, 1890 MHz, 6800 MHz, 200.94 W, 60
2, 1875 MHz, 6800 MHz, 213.68 W, 63
3, 1860 MHz, 6800 MHz, 202.78 W, 66
0, 1875 MHz, 6800 MHz, 184.10 W, 62
1, 1875 MHz, 6800 MHz, 199.27 W, 60
2, 1875 MHz, 6800 MHz, 211.39 W, 63
3, 1845 MHz, 6800 MHz, 203.70 W, 66
0, 1875 MHz, 6800 MHz, 188.56 W, 62
1, 1875 MHz, 6800 MHz, 200.80 W, 60
2, 1875 MHz, 6800 MHz, 210.00 W, 64
3, 1845 MHz, 6800 MHz, 203.02 W, 66
0, 1875 MHz, 6800 MHz, 186.10 W, 63
1, 1875 MHz, 6800 MHz, 207.60 W, 61
2, 1875 MHz, 6800 MHz, 215.39 W, 64
3, 1845 MHz, 6800 MHz, 195.96 W, 67
0, 1875 MHz, 6800 MHz, 187.01 W, 63
1, 1875 MHz, 6800 MHz, 205.65 W, 61
2, 1875 MHz, 6800 MHz, 211.38 W, 64
3, 1845 MHz, 6800 MHz, 205.53 W, 67
0, 1875 MHz, 6800 MHz, 190.66 W, 64
1, 1875 MHz, 6800 MHz, 208.79 W, 62
2, 1875 MHz, 6800 MHz, 208.83 W, 64
3, 1845 MHz, 6800 MHz, 201.04 W, 67
0, 1875 MHz, 6800 MHz, 185.63 W, 64
1, 1875 MHz, 6800 MHz, 206.46 W, 62
2, 1860 MHz, 6800 MHz, 205.91 W, 65
3, 1845 MHz, 6800 MHz, 201.00 W, 68
0, 1860 MHz, 6800 MHz, 208.52 W, 62
1, 1875 MHz, 6800 MHz, 147.75 W, 60
2, 1860 MHz, 6800 MHz, 174.59 W, 63
3, 1845 MHz, 6800 MHz, 136.83 W, 66
0, 1860 MHz, 6800 MHz, 190.76 W, 64
1, 1875 MHz, 6800 MHz, 207.31 W, 62
2, 1860 MHz, 6800 MHz, 210.87 W, 65
3, 1845 MHz, 6800 MHz, 203.53 W, 68
0, 1860 MHz, 6800 MHz, 188.69 W, 64
1, 1845 MHz, 6800 MHz, 155.56 W, 62
2, 1860 MHz, 6800 MHz, 234.76 W, 65
3, 1845 MHz, 6800 MHz, 154.86 W, 68
0, 1860 MHz, 6800 MHz, 190.38 W, 65
1, 1875 MHz, 6800 MHz, 204.68 W, 63
2, 1860 MHz, 6800 MHz, 213.88 W, 66
3, 1845 MHz, 6800 MHz, 200.91 W, 69
0, 1860 MHz, 6800 MHz, 204.86 W, 65
1, 1875 MHz, 6800 MHz, 199.64 W, 63
2, 1860 MHz, 6800 MHz, 213.35 W, 66
3, 1845 MHz, 6800 MHz, 211.29 W, 69
0, 1860 MHz, 6800 MHz, 194.84 W, 65
1, 1875 MHz, 6800 MHz, 214.30 W, 63
2, 1860 MHz, 6800 MHz, 209.34 W, 66
3, 1845 MHz, 6800 MHz, 199.57 W, 69
0, 1860 MHz, 6800 MHz, 200.72 W, 65
1, 1875 MHz, 6800 MHz, 216.60 W, 63
2, 1860 MHz, 6800 MHz, 210.30 W, 66
3, 1845 MHz, 6800 MHz, 212.83 W, 69
0, 1860 MHz, 6800 MHz, 193.12 W, 66
1, 1875 MHz, 6800 MHz, 211.54 W, 64
2, 1860 MHz, 6800 MHz, 216.42 W, 67
3, 1845 MHz, 6800 MHz, 214.02 W, 70
0, 1860 MHz, 6800 MHz, 203.16 W, 66
1, 1875 MHz, 6800 MHz, 212.47 W, 64
2, 1860 MHz, 6800 MHz, 213.98 W, 67
3, 1845 MHz, 6800 MHz, 209.59 W, 70
0, 1860 MHz, 6800 MHz, 197.35 W, 66
1, 1875 MHz, 6800 MHz, 221.33 W, 64
2, 1860 MHz, 6800 MHz, 224.08 W, 67
3, 1845 MHz, 6800 MHz, 210.58 W, 70
0, 1860 MHz, 6800 MHz, 204.27 W, 66
1, 1875 MHz, 6800 MHz, 219.79 W, 64
2, 1860 MHz, 6800 MHz, 222.90 W, 67
3, 1845 MHz, 6800 MHz, 217.62 W, 70
0, 1860 MHz, 6800 MHz, 196.73 W, 66
1, 1875 MHz, 6800 MHz, 218.69 W, 65
2, 1860 MHz, 6800 MHz, 214.18 W, 67
3, 1845 MHz, 6800 MHz, 207.17 W, 70
0, 1860 MHz, 6800 MHz, 204.72 W, 66
1, 1875 MHz, 6800 MHz, 215.30 W, 65
2, 1860 MHz, 6800 MHz, 215.76 W, 68
3, 1845 MHz, 6800 MHz, 210.40 W, 70
0, 1860 MHz, 6800 MHz, 201.40 W, 67
1, 1875 MHz, 6800 MHz, 218.87 W, 65
2, 1860 MHz, 6800 MHz, 218.25 W, 68
3, 1845 MHz, 6800 MHz, 209.76 W, 71
0, 1860 MHz, 6800 MHz, 195.57 W, 67
1, 1875 MHz, 6800 MHz, 230.42 W, 65
2, 1860 MHz, 6800 MHz, 217.38 W, 68
3, 1845 MHz, 6800 MHz, 220.32 W, 71
0, 1860 MHz, 6800 MHz, 198.27 W, 67
1, 1875 MHz, 6800 MHz, 232.88 W, 66
2, 1860 MHz, 6800 MHz, 213.26 W, 68
3, 1845 MHz, 6800 MHz, 221.94 W, 71
0, 1860 MHz, 6800 MHz, 196.91 W, 67
1, 1875 MHz, 6800 MHz, 215.15 W, 65
2, 1860 MHz, 6800 MHz, 217.27 W, 68
3, 1845 MHz, 6800 MHz, 206.95 W, 71
0, 1860 MHz, 6800 MHz, 203.17 W, 67
1, 1875 MHz, 6800 MHz, 216.50 W, 66
2, 1860 MHz, 6800 MHz, 225.85 W, 69
3, 1830 MHz, 6800 MHz, 211.52 W, 71
0, 1860 MHz, 6800 MHz, 195.72 W, 67
1, 1875 MHz, 6800 MHz, 219.30 W, 66
2, 1860 MHz, 6800 MHz, 217.15 W, 68
3, 1830 MHz, 6800 MHz, 206.56 W, 71
0, 1860 MHz, 6800 MHz, 210.63 W, 69
1, 1875 MHz, 6800 MHz, 224.03 W, 67
2, 1860 MHz, 6800 MHz, 223.07 W, 69
3, 1830 MHz, 6800 MHz, 214.35 W, 72
0, 1860 MHz, 6800 MHz, 96.42 W, 64
1, 1875 MHz, 6800 MHz, 114.40 W, 62
2, 1860 MHz, 6800 MHz, 120.10 W, 65
3, 1830 MHz, 6800 MHz, 107.89 W, 67
0, 1860 MHz, 6800 MHz, 188.13 W, 66
1, 1875 MHz, 6800 MHz, 217.13 W, 64
2, 1860 MHz, 6800 MHz, 220.05 W, 68
3, 1845 MHz, 6800 MHz, 194.57 W, 70
0, 1860 MHz, 6800 MHz, 192.77 W, 67
1, 1875 MHz, 6800 MHz, 217.16 W, 65
2, 1860 MHz, 6800 MHz, 212.88 W, 68
3, 1845 MHz, 6800 MHz, 201.23 W, 71
0, 1860 MHz, 6800 MHz, 190.15 W, 67
1, 1875 MHz, 6800 MHz, 213.24 W, 66
2, 1860 MHz, 6800 MHz, 212.26 W, 68
3, 1845 MHz, 6800 MHz, 198.81 W, 71
0, 1860 MHz, 6800 MHz, 189.03 W, 67
1, 1875 MHz, 6800 MHz, 213.80 W, 66
2, 1860 MHz, 6800 MHz, 219.31 W, 69
3, 1845 MHz, 6800 MHz, 209.70 W, 71
0, 1860 MHz, 6800 MHz, 196.60 W, 67
1, 1875 MHz, 6800 MHz, 215.37 W, 66
2, 1860 MHz, 6800 MHz, 219.15 W, 69
3, 1845 MHz, 6800 MHz, 205.59 W, 71
0, 1860 MHz, 6800 MHz, 191.64 W, 67
1, 1875 MHz, 6800 MHz, 221.34 W, 66
2, 1860 MHz, 6800 MHz, 222.13 W, 69
3, 1845 MHz, 6800 MHz, 206.29 W, 71
0, 1860 MHz, 6800 MHz, 196.54 W, 68
1, 1875 MHz, 6800 MHz, 214.62 W, 66
2, 1860 MHz, 6800 MHz, 222.37 W, 69
3, 1845 MHz, 6800 MHz, 207.14 W, 71
0, 1860 MHz, 6800 MHz, 193.16 W, 67
1, 1875 MHz, 6800 MHz, 173.90 W, 64
2, 1860 MHz, 6800 MHz, 201.68 W, 67
3, 1845 MHz, 6800 MHz, 168.04 W, 69
0, 1860 MHz, 6800 MHz, 198.16 W, 68
1, 1875 MHz, 6800 MHz, 220.29 W, 66
2, 1860 MHz, 6800 MHz, 220.43 W, 69
3, 1845 MHz, 6800 MHz, 208.83 W, 72
0, 1860 MHz, 6800 MHz, 128.54 W, 68
1, 1860 MHz, 6800 MHz, 173.55 W, 66
2, 1860 MHz, 6800 MHz, 132.10 W, 69
3, 1830 MHz, 6800 MHz, 157.32 W, 71
0, 1860 MHz, 6800 MHz, 199.16 W, 68
1, 1860 MHz, 6800 MHz, 217.45 W, 66
2, 1860 MHz, 6800 MHz, 216.55 W, 69
3, 1830 MHz, 6800 MHz, 210.14 W, 72
0, 1860 MHz, 6800 MHz, 190.25 W, 68
1, 1875 MHz, 6800 MHz, 211.71 W, 66
2, 1860 MHz, 6800 MHz, 223.32 W, 69
3, 1830 MHz, 6800 MHz, 211.22 W, 71
0, 1860 MHz, 6800 MHz, 199.29 W, 68
1, 1875 MHz, 6800 MHz, 225.22 W, 67
2, 1860 MHz, 6800 MHz, 218.70 W, 69
3, 1830 MHz, 6800 MHz, 203.15 W, 72
0, 1860 MHz, 6800 MHz, 197.33 W, 68
1, 1875 MHz, 6800 MHz, 224.32 W, 66
2, 1860 MHz, 6800 MHz, 222.90 W, 70
3, 1830 MHz, 6800 MHz, 201.88 W, 72
0, 1860 MHz, 6800 MHz, 196.85 W, 68
1, 1875 MHz, 6800 MHz, 221.60 W, 67
2, 1860 MHz, 6800 MHz, 212.47 W, 70
3, 1830 MHz, 6800 MHz, 208.05 W, 72
0, 1860 MHz, 6800 MHz, 198.25 W, 68
1, 1875 MHz, 6800 MHz, 218.95 W, 67
2, 1860 MHz, 6800 MHz, 220.68 W, 70
3, 1830 MHz, 6800 MHz, 207.22 W, 72
0, 1860 MHz, 6800 MHz, 198.74 W, 69
1, 1875 MHz, 6800 MHz, 222.83 W, 67
2, 1860 MHz, 6800 MHz, 219.20 W, 70
3, 1830 MHz, 6800 MHz, 205.07 W, 72
0, 1860 MHz, 6800 MHz, 205.22 W, 69
1, 1875 MHz, 6800 MHz, 218.88 W, 67
2, 1860 MHz, 6800 MHz, 215.74 W, 70
3, 1830 MHz, 6800 MHz, 205.63 W, 72
0, 1860 MHz, 6800 MHz, 199.92 W, 68
1, 1875 MHz, 6800 MHz, 217.97 W, 67
2, 1860 MHz, 6800 MHz, 224.71 W, 70
3, 1830 MHz, 6800 MHz, 211.41 W, 73
0, 1860 MHz, 6800 MHz, 200.82 W, 68
1, 1875 MHz, 6800 MHz, 229.47 W, 67
2, 1860 MHz, 6800 MHz, 236.16 W, 70
3, 1830 MHz, 6800 MHz, 206.35 W, 73
0, 1845 MHz, 6800 MHz, 196.72 W, 69
1, 1860 MHz, 6800 MHz, 217.00 W, 67
2, 1860 MHz, 6800 MHz, 226.33 W, 71
3, 1830 MHz, 6800 MHz, 218.39 W, 73
0, 1845 MHz, 6800 MHz, 205.20 W, 69
1, 1875 MHz, 6800 MHz, 219.44 W, 67
2, 1860 MHz, 6800 MHz, 232.01 W, 71
3, 1830 MHz, 6800 MHz, 208.75 W, 73
0, 1845 MHz, 6800 MHz, 192.25 W, 69
1, 1875 MHz, 6800 MHz, 220.56 W, 67
2, 1860 MHz, 6800 MHz, 237.56 W, 71
3, 1830 MHz, 6800 MHz, 219.75 W, 73
0, 1845 MHz, 6800 MHz, 201.02 W, 69
1, 1875 MHz, 6800 MHz, 222.49 W, 68
2, 1860 MHz, 6800 MHz, 227.26 W, 71
3, 1830 MHz, 6800 MHz, 208.66 W, 73
0, 1845 MHz, 6800 MHz, 202.45 W, 69
1, 1875 MHz, 6800 MHz, 223.57 W, 68
2, 1845 MHz, 6800 MHz, 216.16 W, 70
3, 1830 MHz, 6800 MHz, 206.77 W, 73
0, 1845 MHz, 6800 MHz, 207.95 W, 69
1, 1875 MHz, 6800 MHz, 219.72 W, 67
2, 1845 MHz, 6800 MHz, 222.13 W, 71
3, 1830 MHz, 6800 MHz, 209.58 W, 73
0, 1845 MHz, 6800 MHz, 208.42 W, 69
1, 1875 MHz, 6800 MHz, 222.94 W, 68
2, 1860 MHz, 6800 MHz, 225.69 W, 71
3, 1830 MHz, 6800 MHz, 214.80 W, 73
0, 1845 MHz, 6800 MHz, 193.32 W, 69
1, 1875 MHz, 6800 MHz, 222.70 W, 67
2, 1845 MHz, 6800 MHz, 225.21 W, 71
3, 1830 MHz, 6800 MHz, 211.52 W, 73
0, 1845 MHz, 6800 MHz, 193.34 W, 69
1, 1875 MHz, 6800 MHz, 218.17 W, 68
2, 1860 MHz, 6800 MHz, 214.09 W, 71
3, 1830 MHz, 6800 MHz, 211.81 W, 74
0, 1845 MHz, 6800 MHz, 204.37 W, 70
1, 1875 MHz, 6800 MHz, 222.55 W, 68
2, 1860 MHz, 6800 MHz, 221.18 W, 71
3, 1830 MHz, 6800 MHz, 204.28 W, 73
0, 1845 MHz, 6800 MHz, 212.17 W, 71
1, 1875 MHz, 6800 MHz, 228.78 W, 69
2, 1860 MHz, 6800 MHz, 233.61 W, 72
3, 1830 MHz, 6800 MHz, 219.67 W, 74
0, 1845 MHz, 6800 MHz, 97.57 W, 65
1, 1875 MHz, 6800 MHz, 112.37 W, 63
2, 1860 MHz, 6800 MHz, 123.51 W, 67
3, 1830 MHz, 6800 MHz, 107.49 W, 68
0, 1845 MHz, 6800 MHz, 196.60 W, 68
1, 1875 MHz, 6800 MHz, 207.84 W, 66
2, 1860 MHz, 6800 MHz, 228.80 W, 70
3, 1830 MHz, 6800 MHz, 201.55 W, 71
0, 1845 MHz, 6800 MHz, 197.01 W, 68
1, 1875 MHz, 6800 MHz, 211.75 W, 67
2, 1860 MHz, 6800 MHz, 227.63 W, 70
3, 1830 MHz, 6800 MHz, 203.50 W, 72
0, 1845 MHz, 6800 MHz, 188.55 W, 69
1, 1875 MHz, 6800 MHz, 213.22 W, 67
2, 1860 MHz, 6800 MHz, 221.96 W, 71
3, 1830 MHz, 6800 MHz, 198.47 W, 72
0, 1845 MHz, 6800 MHz, 196.43 W, 69
1, 1875 MHz, 6800 MHz, 221.71 W, 67
2, 1860 MHz, 6800 MHz, 226.27 W, 71
3, 1830 MHz, 6800 MHz, 207.43 W, 72
0, 1845 MHz, 6800 MHz, 194.80 W, 69
1, 1875 MHz, 6800 MHz, 215.23 W, 67
2, 1860 MHz, 6800 MHz, 219.12 W, 71
3, 1830 MHz, 6800 MHz, 205.82 W, 72
0, 1845 MHz, 6800 MHz, 194.80 W, 69
1, 1875 MHz, 6800 MHz, 225.68 W, 67
2, 1860 MHz, 6800 MHz, 223.58 W, 71
3, 1830 MHz, 6800 MHz, 202.54 W, 72
0, 1845 MHz, 6800 MHz, 195.88 W, 69
1, 1875 MHz, 6800 MHz, 222.76 W, 67
2, 1860 MHz, 6800 MHz, 227.73 W, 71
3, 1830 MHz, 6800 MHz, 206.77 W, 72
0, 1845 MHz, 6800 MHz, 206.09 W, 67
1, 1875 MHz, 6800 MHz, 213.27 W, 65
2, 1860 MHz, 6800 MHz, 202.18 W, 69
3, 1830 MHz, 6800 MHz, 120.77 W, 70
0, 1845 MHz, 6800 MHz, 196.18 W, 69
1, 1875 MHz, 6800 MHz, 219.16 W, 67
2, 1860 MHz, 6800 MHz, 224.14 W, 71
3, 1830 MHz, 6800 MHz, 204.22 W, 73
0, 1845 MHz, 6800 MHz, 203.99 W, 69
1, 1875 MHz, 6800 MHz, 236.35 W, 67
2, 1845 MHz, 6800 MHz, 232.03 W, 70
3, 1830 MHz, 6800 MHz, 213.48 W, 72
0, 1845 MHz, 6800 MHz, 197.35 W, 69
1, 1875 MHz, 6800 MHz, 219.74 W, 67
2, 1845 MHz, 6800 MHz, 230.27 W, 71
3, 1830 MHz, 6800 MHz, 203.82 W, 73
0, 1845 MHz, 6800 MHz, 198.34 W, 69
1, 1875 MHz, 6800 MHz, 219.74 W, 67
2, 1860 MHz, 6800 MHz, 225.85 W, 71
3, 1830 MHz, 6800 MHz, 202.95 W, 73
0, 1845 MHz, 6800 MHz, 200.10 W, 69
1, 1875 MHz, 6800 MHz, 224.53 W, 67
2, 1845 MHz, 6800 MHz, 220.13 W, 71
3, 1830 MHz, 6800 MHz, 210.60 W, 73
0, 1845 MHz, 6800 MHz, 198.71 W, 69
1, 1875 MHz, 6800 MHz, 217.36 W, 67
2, 1860 MHz, 6800 MHz, 230.49 W, 71
3, 1830 MHz, 6800 MHz, 210.55 W, 73
0, 1845 MHz, 6800 MHz, 201.77 W, 69
1, 1875 MHz, 6800 MHz, 228.40 W, 67
2, 1860 MHz, 6800 MHz, 216.06 W, 71
3, 1830 MHz, 6800 MHz, 207.72 W, 73
0, 1845 MHz, 6800 MHz, 197.43 W, 69
1, 1875 MHz, 6800 MHz, 221.60 W, 67
2, 1860 MHz, 6800 MHz, 226.52 W, 71
3, 1830 MHz, 6800 MHz, 208.91 W, 73
0, 1845 MHz, 6800 MHz, 202.87 W, 69
1, 1875 MHz, 6800 MHz, 217.64 W, 68
2, 1860 MHz, 6800 MHz, 223.88 W, 71
3, 1830 MHz, 6800 MHz, 208.74 W, 73
0, 1845 MHz, 6800 MHz, 193.97 W, 69
1, 1875 MHz, 6800 MHz, 216.35 W, 67
2, 1845 MHz, 6800 MHz, 223.22 W, 71
3, 1830 MHz, 6800 MHz, 203.99 W, 73
0, 1845 MHz, 6800 MHz, 203.55 W, 69
1, 1875 MHz, 6800 MHz, 225.60 W, 68
2, 1860 MHz, 6800 MHz, 232.02 W, 72
3, 1830 MHz, 6800 MHz, 215.75 W, 73
0, 1845 MHz, 6800 MHz, 204.94 W, 69
1, 1875 MHz, 6800 MHz, 226.69 W, 68
2, 1860 MHz, 6800 MHz, 223.57 W, 72
3, 1830 MHz, 6800 MHz, 219.37 W, 73
0, 1845 MHz, 6800 MHz, 205.19 W, 69
1, 1875 MHz, 6800 MHz, 226.81 W, 68
2, 1860 MHz, 6800 MHz, 228.15 W, 72
3, 1830 MHz, 6800 MHz, 214.33 W, 74
0, 1845 MHz, 6800 MHz, 201.15 W, 69
1, 1875 MHz, 6800 MHz, 228.45 W, 68
2, 1860 MHz, 6800 MHz, 232.33 W, 71
3, 1830 MHz, 6800 MHz, 205.91 W, 73
0, 1845 MHz, 6800 MHz, 193.76 W, 70
1, 1875 MHz, 6800 MHz, 228.20 W, 68
2, 1860 MHz, 6800 MHz, 234.29 W, 72
3, 1830 MHz, 6800 MHz, 208.95 W, 73
0, 1845 MHz, 6800 MHz, 196.59 W, 69
1, 1875 MHz, 6800 MHz, 230.93 W, 68
2, 1845 MHz, 6800 MHz, 220.53 W, 71
3, 1830 MHz, 6800 MHz, 206.27 W, 73
0, 1845 MHz, 6800 MHz, 201.65 W, 70
1, 1875 MHz, 6800 MHz, 223.60 W, 68
2, 1860 MHz, 6800 MHz, 220.92 W, 71
3, 1830 MHz, 6800 MHz, 217.32 W, 73
0, 1845 MHz, 6800 MHz, 195.18 W, 70
1, 1875 MHz, 6800 MHz, 225.87 W, 68
2, 1845 MHz, 6800 MHz, 226.96 W, 71
3, 1830 MHz, 6800 MHz, 209.79 W, 74
0, 1845 MHz, 6800 MHz, 202.66 W, 69
1, 1875 MHz, 6800 MHz, 226.26 W, 68
2, 1860 MHz, 6800 MHz, 230.07 W, 72
3, 1830 MHz, 6800 MHz, 208.12 W, 74
0, 1845 MHz, 6800 MHz, 210.15 W, 70
1, 1875 MHz, 6800 MHz, 216.61 W, 68
2, 1860 MHz, 6800 MHz, 241.76 W, 72
3, 1830 MHz, 6800 MHz, 218.77 W, 74
0, 1845 MHz, 6800 MHz, 199.17 W, 70
1, 1875 MHz, 6800 MHz, 220.55 W, 68
2, 1860 MHz, 6800 MHz, 226.44 W, 72
3, 1830 MHz, 6800 MHz, 213.32 W, 74
0, 1845 MHz, 6800 MHz, 195.74 W, 70
1, 1875 MHz, 6800 MHz, 227.66 W, 68
2, 1845 MHz, 6800 MHz, 229.72 W, 72
3, 1830 MHz, 6800 MHz, 213.30 W, 74
0, 1845 MHz, 6800 MHz, 199.34 W, 70
1, 1875 MHz, 6800 MHz, 234.40 W, 68
2, 1845 MHz, 6800 MHz, 237.81 W, 72
3, 1830 MHz, 6800 MHz, 206.96 W, 74
0, 1845 MHz, 6800 MHz, 203.85 W, 70
1, 1875 MHz, 6800 MHz, 216.26 W, 68
2, 1845 MHz, 6800 MHz, 229.25 W, 72
3, 1830 MHz, 6800 MHz, 211.20 W, 74
0, 1845 MHz, 6800 MHz, 200.97 W, 70
1, 1875 MHz, 6800 MHz, 216.91 W, 68
2, 1845 MHz, 6800 MHz, 218.56 W, 72
3, 1830 MHz, 6800 MHz, 215.12 W, 74
0, 1845 MHz, 6800 MHz, 202.38 W, 70
1, 1875 MHz, 6800 MHz, 213.81 W, 68
2, 1845 MHz, 6800 MHz, 229.44 W, 72
3, 1830 MHz, 6800 MHz, 212.38 W, 74
0, 1845 MHz, 6800 MHz, 202.97 W, 70
1, 1875 MHz, 6800 MHz, 210.54 W, 68
2, 1860 MHz, 6800 MHz, 217.68 W, 72
3, 1830 MHz, 6800 MHz, 216.07 W, 74
0, 1845 MHz, 6800 MHz, 203.48 W, 70
1, 1875 MHz, 6800 MHz, 223.31 W, 68
2, 1860 MHz, 6800 MHz, 224.94 W, 72
3, 1830 MHz, 6800 MHz, 199.41 W, 74
0, 1845 MHz, 6800 MHz, 199.34 W, 70
1, 1875 MHz, 6800 MHz, 228.85 W, 68
2, 1860 MHz, 6800 MHz, 233.00 W, 72
3, 1830 MHz, 6800 MHz, 203.08 W, 74
0, 1845 MHz, 6800 MHz, 193.94 W, 70
1, 1860 MHz, 6800 MHz, 222.48 W, 68
2, 1830 MHz, 6800 MHz, 230.68 W, 72
3, 1830 MHz, 6800 MHz, 217.72 W, 74
0, 1845 MHz, 6800 MHz, 186.11 W, 70
1, 1875 MHz, 6800 MHz, 226.49 W, 68
2, 1860 MHz, 6800 MHz, 232.58 W, 72
3, 1830 MHz, 6800 MHz, 203.97 W, 74
0, 1845 MHz, 6800 MHz, 201.40 W, 70
1, 1875 MHz, 6800 MHz, 218.10 W, 68
2, 1845 MHz, 6800 MHz, 223.89 W, 71
3, 1830 MHz, 6800 MHz, 206.55 W, 74
0, 1845 MHz, 6800 MHz, 198.89 W, 70
1, 1875 MHz, 6800 MHz, 223.34 W, 68
2, 1845 MHz, 6800 MHz, 229.15 W, 72
3, 1830 MHz, 6800 MHz, 197.68 W, 74
0, 1845 MHz, 6800 MHz, 187.58 W, 70
1, 1830 MHz, 6800 MHz, 227.96 W, 68
2, 1800 MHz, 6800 MHz, 230.43 W, 72
3, 1830 MHz, 6800 MHz, 202.28 W, 74
0, 1845 MHz, 6800 MHz, 205.62 W, 70
1, 1860 MHz, 6800 MHz, 225.46 W, 68
2, 1845 MHz, 6800 MHz, 226.11 W, 72
3, 1830 MHz, 6800 MHz, 211.15 W, 74
0, 1845 MHz, 6800 MHz, 205.28 W, 70
1, 1875 MHz, 6800 MHz, 228.10 W, 68
2, 1860 MHz, 6800 MHz, 229.51 W, 72
3, 1830 MHz, 6800 MHz, 207.21 W, 74
0, 1845 MHz, 6800 MHz, 205.34 W, 70
1, 1815 MHz, 6800 MHz, 227.34 W, 68
2, 1830 MHz, 6800 MHz, 233.03 W, 72
3, 1830 MHz, 6800 MHz, 222.32 W, 74
0, 1845 MHz, 6800 MHz, 204.07 W, 70
1, 1875 MHz, 6800 MHz, 227.12 W, 68
2, 1860 MHz, 6800 MHz, 227.73 W, 72
3, 1830 MHz, 6800 MHz, 217.23 W, 74
0, 1845 MHz, 6800 MHz, 195.30 W, 70
1, 1875 MHz, 6800 MHz, 228.93 W, 68
2, 1845 MHz, 6800 MHz, 230.50 W, 72
3, 1830 MHz, 6800 MHz, 216.68 W, 74
0, 1845 MHz, 6800 MHz, 186.61 W, 70
1, 1875 MHz, 6800 MHz, 231.90 W, 68
2, 1845 MHz, 6800 MHz, 237.72 W, 72
3, 1830 MHz, 6800 MHz, 241.09 W, 74
0, 1845 MHz, 6800 MHz, 210.73 W, 70
1, 1860 MHz, 6800 MHz, 222.51 W, 68
2, 1845 MHz, 6800 MHz, 229.98 W, 72
3, 1830 MHz, 6800 MHz, 218.90 W, 74
0, 1845 MHz, 6800 MHz, 115.01 W, 69
1, 1875 MHz, 6800 MHz, 122.31 W, 67
2, 1860 MHz, 6800 MHz, 126.34 W, 71
3, 1830 MHz, 6800 MHz, 141.44 W, 73
0, 1845 MHz, 6800 MHz, 202.15 W, 70
1, 1875 MHz, 6800 MHz, 201.86 W, 68
2, 1860 MHz, 6800 MHz, 212.44 W, 72
3, 1830 MHz, 6800 MHz, 224.53 W, 74
0, 1845 MHz, 6800 MHz, 201.60 W, 71
1, 1830 MHz, 6800 MHz, 220.48 W, 68
2, 1815 MHz, 6800 MHz, 224.07 W, 71
3, 1830 MHz, 6800 MHz, 204.78 W, 74
0, 1830 MHz, 6800 MHz, 204.11 W, 70
1, 1875 MHz, 6800 MHz, 234.14 W, 69
2, 1845 MHz, 6800 MHz, 235.06 W, 72
3, 1830 MHz, 6800 MHz, 226.25 W, 74
0, 1815 MHz, 6800 MHz, 197.69 W, 71
1, 1800 MHz, 6800 MHz, 212.23 W, 69
2, 1770 MHz, 6800 MHz, 224.34 W, 72
3, 1815 MHz, 6800 MHz, 227.52 W, 74
0, 1800 MHz, 6800 MHz, 213.77 W, 71
1, 1815 MHz, 6800 MHz, 236.16 W, 69
2, 1785 MHz, 6800 MHz, 241.66 W, 72
3, 1830 MHz, 6800 MHz, 211.97 W, 75
0, 1845 MHz, 6800 MHz, 199.05 W, 70
1, 1875 MHz, 6800 MHz, 213.13 W, 68
2, 1860 MHz, 6800 MHz, 220.87 W, 73
3, 1830 MHz, 6800 MHz, 223.86 W, 75
0, 1845 MHz, 6800 MHz, 199.10 W, 71
1, 1875 MHz, 6800 MHz, 210.32 W, 68
2, 1860 MHz, 6800 MHz, 214.91 W, 72
3, 1830 MHz, 6800 MHz, 222.78 W, 75
0, 1845 MHz, 6800 MHz, 216.29 W, 71
1, 1860 MHz, 6800 MHz, 230.32 W, 68
2, 1830 MHz, 6800 MHz, 230.99 W, 72
3, 1830 MHz, 6800 MHz, 228.12 W, 75
0, 1845 MHz, 6800 MHz, 195.02 W, 71
1, 1875 MHz, 6800 MHz, 224.74 W, 69
2, 1845 MHz, 6800 MHz, 237.08 W, 72
3, 1815 MHz, 6800 MHz, 220.19 W, 74
0, 1845 MHz, 6800 MHz, 200.24 W, 71
1, 1875 MHz, 6800 MHz, 229.22 W, 69
2, 1860 MHz, 6800 MHz, 234.14 W, 73
3, 1785 MHz, 6800 MHz, 210.53 W, 75
0, 1845 MHz, 6800 MHz, 207.45 W, 70
1, 1875 MHz, 6800 MHz, 222.75 W, 68
2, 1815 MHz, 6800 MHz, 231.61 W, 72
3, 1830 MHz, 6800 MHz, 211.12 W, 74
0, 1845 MHz, 6800 MHz, 199.35 W, 71
1, 1875 MHz, 6800 MHz, 223.27 W, 69
2, 1860 MHz, 6800 MHz, 220.85 W, 73
3, 1830 MHz, 6800 MHz, 211.17 W, 75
0, 1845 MHz, 6800 MHz, 215.27 W, 72
1, 1875 MHz, 6800 MHz, 234.75 W, 70
2, 1860 MHz, 6800 MHz, 241.08 W, 73
3, 1830 MHz, 6800 MHz, 221.73 W, 76
0, 1845 MHz, 6800 MHz, 101.94 W, 68
1, 1860 MHz, 6800 MHz, 122.50 W, 66
2, 1860 MHz, 6800 MHz, 126.77 W, 70
3, 1830 MHz, 6800 MHz, 111.78 W, 72
0, 1845 MHz, 6800 MHz, 176.65 W, 70
1, 1875 MHz, 6800 MHz, 191.69 W, 67
2, 1860 MHz, 6800 MHz, 202.36 W, 72
3, 1830 MHz, 6800 MHz, 186.90 W, 73
0, 1845 MHz, 6800 MHz, 207.97 W, 71
1, 1875 MHz, 6800 MHz, 224.79 W, 69
2, 1860 MHz, 6800 MHz, 230.53 W, 73
3, 1830 MHz, 6800 MHz, 215.28 W, 75
0, 1845 MHz, 6800 MHz, 196.35 W, 71
1, 1875 MHz, 6800 MHz, 225.23 W, 69
2, 1860 MHz, 6800 MHz, 230.90 W, 73
3, 1830 MHz, 6800 MHz, 206.98 W, 75
0, 1845 MHz, 6800 MHz, 100.93 W, 68
1, 1875 MHz, 6800 MHz, 122.17 W, 66
2, 1860 MHz, 6800 MHz, 125.54 W, 69
3, 1830 MHz, 6800 MHz, 111.10 W, 71
