0, 1350 MHz, 6800 MHz, 60.23 W, 53
1, 1350 MHz, 6800 MHz, 75.26 W, 50
2, 1350 MHz, 6800 MHz, 81.85 W, 54
3, 1350 MHz, 6800 MHz, 67.68 W, 55
0, 1890 MHz, 6800 MHz, 101.72 W, 56
1, 1905 MHz, 6800 MHz, 182.54 W, 53
2, 1890 MHz, 6800 MHz, 188.47 W, 58
3, 1860 MHz, 6800 MHz, 176.50 W, 60
0, 1875 MHz, 6800 MHz, 179.55 W, 59
1, 1905 MHz, 6800 MHz, 207.46 W, 57
2, 1875 MHz, 6800 MHz, 202.60 W, 60
3, 1860 MHz, 6800 MHz, 194.34 W, 62
0, 1875 MHz, 6800 MHz, 85.58 W, 56
1, 1905 MHz, 6800 MHz, 106.22 W, 53
2, 1875 MHz, 6800 MHz, 107.29 W, 57
3, 1860 MHz, 6800 MHz, 95.78 W, 59
0, 1875 MHz, 6800 MHz, 189.03 W, 60
1, 1905 MHz, 6800 MHz, 196.53 W, 57
2, 1875 MHz, 6800 MHz, 197.60 W, 60
3, 1860 MHz, 6800 MHz, 186.96 W, 63
0, 1875 MHz, 6800 MHz, 193.71 W, 61
1, 1890 MHz, 6800 MHz, 204.64 W, 59
2, 1875 MHz, 6800 MHz, 207.64 W, 62
3, 1860 MHz, 6800 MHz, 198.77 W, 65
0, 1875 MHz, 6800 MHz, 192.95 W, 62
1, 1890 MHz, 6800 MHz, 206.00 W, 59
2, 1875 MHz, 6800 MHz, 209.79 W, 62
3, 1860 MHz, 6800 MHz, 200.29 W, 65
0, 1875 MHz, 6800 MHz, 89.57 W, 58
1, 1890 MHz, 6800 MHz, 107.75 W, 56
2, 1875 MHz, 6800 MHz, 112.02 W, 59
3, 1860 MHz, 6800 MHz, 101.59 W, 62
0, 1875 MHz, 6800 MHz, 87.14 W, 57
1, 1890 MHz, 6800 MHz, 106.70 W, 54
2, 1875 MHz, 6800 MHz, 109.54 W, 58
3, 1860 MHz, 6800 MHz, 97.90 W, 60
0, 1875 MHz, 6800 MHz, 181.46 W, 61
1, 1890 MHz, 6800 MHz, 211.81 W, 59
2, 1875 MHz, 6800 MHz, 203.82 W, 62
3, 1860 MHz, 6800 MHz, 194.64 W, 65
0, 1875 MHz, 6800 MHz, 200.59 W, 61
1, 1890 MHz, 6800 MHz, 216.87 W, 59
2, 1875 MHz, 6800 MHz, 187.14 W, 62
3, 1860 MHz, 6800 MHz, 209.80 W, 65
0, 1875 MHz, 6800 MHz, 187.45 W, 62
1, 1890 MHz, 6800 MHz, 212.79 W, 60
2, 1875 MHz, 6800 MHz, 212.56 W, 63
3, 1860 MHz, 6800 MHz, 202.00 W, 66
0, 1875 MHz, 6800 MHz, 192.54 W, 62
1, 1890 MHz, 6800 MHz, 209.79 W, 60
2, 1875 MHz, 6800 MHz, 208.90 W, 63
3, 1860 MHz, 6800 MHz, 199.90 W, 66
0, 1875 MHz, 6800 MHz, 190.53 W, 63
1, 1890 MHz, 6800 MHz, 210.10 W, 61
2, 1875 MHz, 6800 MHz, 216.97 W, 64
3, 1845 MHz, 6800 MHz, 199.81 W, 66
0, 1875 MHz, 6800 MHz, 195.29 W, 63
1, 1890 MHz, 6800 MHz, 206.70 W, 61
2, 1875 MHz, 6800 MHz, 211.90 W, 64
3, 1845 MHz, 6800 MHz, 199.63 W, 67
0, 1875 MHz, 6800 MHz, 188.04 W, 63
1, 1890 MHz, 6800 MHz, 210.08 W, 61
2, 1875 MHz, 6800 MHz, 210.12 W, 64
3, 1845 MHz, 6800 MHz, 197.10 W, 67
0, 1875 MHz, 6800 MHz, 192.85 W, 64
1, 1890 MHz, 6800 MHz, 210.86 W, 62
2, 1875 MHz, 6800 MHz, 210.07 W, 64
3, 1845 MHz, 6800 MHz, 204.56 W, 67
0, 1875 MHz, 6800 MHz, 185.15 W, 64
1, 1890 MHz, 6800 MHz, 214.43 W, 62
2, 1860 MHz, 6800 MHz, 205.95 W, 65
3, 1845 MHz, 6800 MHz, 205.03 W, 68
0, 1860 MHz, 6800 MHz, 191.41 W, 64
1, 1890 MHz, 6800 MHz, 214.62 W, 63
2, 1860 MHz, 6800 MHz, 214.91 W, 65
3, 1845 MHz, 6800 MHz, 204.90 W, 68
0, 1860 MHz, 6800 MHz, 194.32 W, 64
1, 1890 MHz, 6800 MHz, 217.80 W, 63
2, 1860 MHz, 6800 MHz, 214.86 W, 65
3, 1845 MHz, 6800 MHz, 207.18 W, 68
0, 1860 MHz, 6800 MHz, 194.45 W, 64
1, 1890 MHz, 6800 MHz, 219.77 W, 63
2, 1860 MHz, 6800 MHz, 216.61 W, 65
3, 1845 MHz, 6800 MHz, 203.54 W, 68
0, 1860 MHz, 6800 MHz, 120.84 W, 63
1, 1875 MHz, 6800 MHz, 135.29 W, 61
2, 1860 MHz, 6800 MHz, 145.83 W, 64
3, 1845 MHz, 6800 MHz, 142.39 W, 67
0, 1860 MHz, 6800 MHz, 191.77 W, 65
1, 1875 MHz, 6800 MHz, 213.50 W, 63
2, 1860 MHz, 6800 MHz, 213.50 W, 66
3, 1845 MHz, 6800 MHz, 200.24 W, 69
0, 1860 MHz, 6800 MHz, 155.66 W, 65
1, 1860 MHz, 6800 MHz, 148.29 W, 63
2, 1845 MHz, 6800 MHz, 154.66 W, 66
3, 1845 MHz, 6800 MHz, 219.89 W, 69
0, 1860 MHz, 6800 MHz, 200.92 W, 65
1, 1875 MHz, 6800 MHz, 215.41 W, 64
2, 1860 MHz, 6800 MHz, 215.18 W, 67
3, 1845 MHz, 6800 MHz, 203.19 W, 69
0, 1860 MHz, 6800 MHz, 198.40 W, 65
1, 1875 MHz, 6800 MHz, 218.92 W, 63
2, 1860 MHz, 6800 MHz, 220.70 W, 66
3, 1845 MHz, 6800 MHz, 196.91 W, 69
0, 1860 MHz, 6800 MHz, 195.66 W, 66
1, 1875 MHz, 6800 MHz, 209.96 W, 64
2, 1860 MHz, 6800 MHz, 212.01 W, 67
3, 1845 MHz, 6800 MHz, 205.92 W, 69
0, 1860 MHz, 6800 MHz, 196.93 W, 66
1, 1875 MHz, 6800 MHz, 224.14 W, 64
2, 1860 MHz, 6800 MHz, 223.88 W, 67
3, 1845 MHz, 6800 MHz, 204.50 W, 69
0, 1860 MHz, 6800 MHz, 202.59 W, 66
1, 1875 MHz, 6800 MHz, 213.44 W, 65
2, 1860 MHz, 6800 MHz, 213.06 W, 67
3, 1845 MHz, 6800 MHz, 199.36 W, 70
0, 1860 MHz, 6800 MHz, 198.89 W, 66
1, 1875 MHz, 6800 MHz, 227.58 W, 65
2, 1860 MHz, 6800 MHz, 226.23 W, 68
3, 1845 MHz, 6800 MHz, 203.45 W, 70
0, 1860 MHz, 6800 MHz, 199.03 W, 67
1, 1875 MHz, 6800 MHz, 212.42 W, 65
2, 1860 MHz, 6800 MHz, 215.78 W, 68
3, 1845 MHz, 6800 MHz, 201.97 W, 70
0, 1860 MHz, 6800 MHz, 198.35 W, 67
1, 1875 MHz, 6800 MHz, 225.65 W, 65
2, 1860 MHz, 6800 MHz, 228.08 W, 68
3, 1845 MHz, 6800 MHz, 216.35 W, 70
0, 1860 MHz, 6800 MHz, 196.54 W, 67
1, 1875 MHz, 6800 MHz, 223.13 W, 65
2, 1860 MHz, 6800 MHz, 221.77 W, 68
3, 1845 MHz, 6800 MHz, 212.60 W, 71
0, 1860 MHz, 6800 MHz, 207.95 W, 67
1, 1875 MHz, 6800 MHz, 220.60 W, 65
2, 1860 MHz, 6800 MHz, 215.20 W, 68
3, 1845 MHz, 6800 MHz, 215.45 W, 71
0, 1860 MHz, 6800 MHz, 203.74 W, 67
1, 1875 MHz, 6800 MHz, 230.60 W, 66
2, 1860 MHz, 6800 MHz, 221.82 W, 68
3, 1845 MHz, 6800 MHz, 216.37 W, 71
0, 1860 MHz, 6800 MHz, 205.52 W, 67
1, 1875 MHz, 6800 MHz, 215.74 W, 65
2, 1860 MHz, 6800 MHz, 229.38 W, 68
3, 1845 MHz, 6800 MHz, 212.74 W, 71
0, 1860 MHz, 6800 MHz, 199.57 W, 67
1, 1875 MHz, 6800 MHz, 228.59 W, 66
2, 1860 MHz, 6800 MHz, 217.76 W, 69
3, 1845 MHz, 6800 MHz, 215.48 W, 72
0, 1860 MHz, 6800 MHz, 192.67 W, 68
1, 1875 MHz, 6800 MHz, 215.83 W, 66
2, 1860 MHz, 6800 MHz, 217.47 W, 69
3, 1830 MHz, 6800 MHz, 203.45 W, 71
0, 1860 MHz, 6800 MHz, 204.39 W, 68
1, 1875 MHz, 6800 MHz, 223.10 W, 67
2, 1860 MHz, 6800 MHz, 222.21 W, 69
3, 1830 MHz, 6800 MHz, 210.49 W, 72
0, 1860 MHz, 6800 MHz, 98.00 W, 65
1, 1875 MHz, 6800 MHz, 116.33 W, 63
2, 1860 MHz, 6800 MHz, 121.24 W, 66
3, 1830 MHz, 6800 MHz, 109.03 W, 68
0, 1860 MHz, 6800 MHz, 93.25 W, 64
1, 1875 MHz, 6800 MHz, 111.75 W, 62
2, 1860 MHz, 6800 MHz, 118.68 W, 66
3, 1845 MHz, 6800 MHz, 104.64 W, 67
0, 1860 MHz, 6800 MHz, 194.02 W, 67
1, 1875 MHz, 6800 MHz, 217.30 W, 65
2, 1860 MHz, 6800 MHz, 220.00 W, 68
3, 1845 MHz, 6800 MHz, 196.40 W, 70
0, 1860 MHz, 6800 MHz, 198.98 W, 67
1, 1875 MHz, 6800 MHz, 211.27 W, 65
2, 1860 MHz, 6800 MHz, 217.32 W, 68
3, 1845 MHz, 6800 MHz, 198.09 W, 71
0, 1860 MHz, 6800 MHz, 188.34 W, 67
1, 1875 MHz, 6800 MHz, 217.41 W, 66
2, 1860 MHz, 6800 MHz, 218.50 W, 69
3, 1845 MHz, 6800 MHz, 201.30 W, 71
0, 1860 MHz, 6800 MHz, 197.95 W, 67
1, 1875 MHz, 6800 MHz, 218.49 W, 66
2, 1860 MHz, 6800 MHz, 215.85 W, 69
3, 1845 MHz, 6800 MHz, 206.25 W, 71
0, 1860 MHz, 6800 MHz, 194.29 W, 67
1, 1875 MHz, 6800 MHz, 213.56 W, 66
2, 1860 MHz, 6800 MHz, 221.27 W, 69
3, 1845 MHz, 6800 MHz, 209.51 W, 71
0, 1860 MHz, 6800 MHz, 196.88 W, 68
1, 1875 MHz, 6800 MHz, 218.43 W, 66
2, 1860 MHz, 6800 MHz, 215.91 W, 69
3, 1845 MHz, 6800 MHz, 209.70 W, 71
0, 1860 MHz, 6800 MHz, 194.36 W, 68
1, 1875 MHz, 6800 MHz, 220.76 W, 66
2, 1860 MHz, 6800 MHz, 222.03 W, 69
3, 1830 MHz, 6800 MHz, 201.94 W, 71
0, 1860 MHz, 6800 MHz, 192.36 W, 68
1, 1875 MHz, 6800 MHz, 216.63 W, 66
2, 1860 MHz, 6800 MHz, 213.84 W, 69
3, 1830 MHz, 6800 MHz, 200.52 W, 71
0, 1860 MHz, 6800 MHz, 197.45 W, 68
1, 1875 MHz, 6800 MHz, 216.57 W, 66
2, 1860 MHz, 6800 MHz, 215.81 W, 69
3, 1830 MHz, 6800 MHz, 202.80 W, 71
0, 1860 MHz, 6800 MHz, 194.23 W, 68
1, 1875 MHz, 6800 MHz, 210.65 W, 66
2, 1845 MHz, 6800 MHz, 216.98 W, 69
3, 1830 MHz, 6800 MHz, 205.67 W, 72
0, 1860 MHz, 6800 MHz, 208.90 W, 66
1, 1875 MHz, 6800 MHz, 159.04 W, 64
2, 1860 MHz, 6800 MHz, 171.29 W, 67
3, 1830 MHz, 6800 MHz, 169.99 W, 69
0, 1860 MHz, 6800 MHz, 200.12 W, 68
1, 1875 MHz, 6800 MHz, 218.27 W, 66
2, 1860 MHz, 6800 MHz, 223.49 W, 69
3, 1830 MHz, 6800 MHz, 205.57 W, 72
0, 1860 MHz, 6800 MHz, 201.62 W, 68
1, 1875 MHz, 6800 MHz, 150.68 W, 66
2, 1860 MHz, 6800 MHz, 151.16 W, 69
3, 1830 MHz, 6800 MHz, 227.71 W, 71
0, 1860 MHz, 6800 MHz, 197.11 W, 68
1, 1875 MHz, 6800 MHz, 213.93 W, 67
2, 1860 MHz, 6800 MHz, 219.98 W, 70
3, 1830 MHz, 6800 MHz, 202.34 W, 72
0, 1860 MHz, 6800 MHz, 208.57 W, 68
1, 1875 MHz, 6800 MHz, 222.41 W, 66
2, 1860 MHz, 6800 MHz, 217.30 W, 69
3, 1830 MHz, 6800 MHz, 216.26 W, 72
0, 1860 MHz, 6800 MHz, 203.47 W, 68
1, 1875 MHz, 6800 MHz, 220.60 W, 67
2, 1860 MHz, 6800 MHz, 222.03 W, 70
3, 1830 MHz, 6800 MHz, 205.33 W, 72
0, 1860 MHz, 6800 MHz, 192.56 W, 68
1, 1875 MHz, 6800 MHz, 215.66 W, 67
2, 1860 MHz, 6800 MHz, 224.75 W, 70
3, 1830 MHz, 6800 MHz, 207.41 W, 72
0, 1860 MHz, 6800 MHz, 192.99 W, 68
1, 1875 MHz, 6800 MHz, 214.08 W, 67
2, 1860 MHz, 6800 MHz, 234.33 W, 70
3, 1830 MHz, 6800 MHz, 206.94 W, 72
0, 1860 MHz, 6800 MHz, 192.58 W, 68
1, 1875 MHz, 6800 MHz, 231.04 W, 67
2, 1860 MHz, 6800 MHz, 236.08 W, 70
3, 1830 MHz, 6800 MHz, 209.65 W, 72
0, 1845 MHz, 6800 MHz, 199.79 W, 69
1, 1875 MHz, 6800 MHz, 217.27 W, 67
2, 1845 MHz, 6800 MHz, 221.62 W, 70
3, 1830 MHz, 6800 MHz, 218.15 W, 72
0, 1845 MHz, 6800 MHz, 192.85 W, 69
1, 1875 MHz, 6800 MHz, 220.85 W, 67
2, 1860 MHz, 6800 MHz, 225.28 W, 71
3, 1830 MHz, 6800 MHz, 216.35 W, 72
0, 1845 MHz, 6800 MHz, 205.23 W, 69
1, 1875 MHz, 6800 MHz, 214.49 W, 67
2, 1845 MHz, 6800 MHz, 225.33 W, 70
3, 1830 MHz, 6800 MHz, 208.75 W, 72
0, 1845 MHz, 6800 MHz, 189.62 W, 69
1, 1875 MHz, 6800 MHz, 226.13 W, 67
2, 1845 MHz, 6800 MHz, 220.46 W, 70
3, 1830 MHz, 6800 MHz, 205.15 W, 72
0, 1845 MHz, 6800 MHz, 200.92 W, 69
1, 1875 MHz, 6800 MHz, 224.58 W, 67
2, 1860 MHz, 6800 MHz, 228.75 W, 71
3, 1830 MHz, 6800 MHz, 220.77 W, 73
0, 1845 MHz, 6800 MHz, 196.19 W, 69
1, 1875 MHz, 6800 MHz, 220.07 W, 67
2, 1860 MHz, 6800 MHz, 227.12 W, 71
3, 1830 MHz, 6800 MHz, 205.16 W, 73
0, 1845 MHz, 6800 MHz, 208.43 W, 69
1, 1875 MHz, 6800 MHz, 217.02 W, 67
2, 1860 MHz, 6800 MHz, 220.92 W, 71
3, 1830 MHz, 6800 MHz, 209.81 W, 73
0, 1845 MHz, 6800 MHz, 202.07 W, 69
1, 1875 MHz, 6800 MHz, 217.61 W, 67
2, 1845 MHz, 6800 MHz, 220.54 W, 71
3, 1830 MHz, 6800 MHz, 216.84 W, 73
0, 1845 MHz, 6800 MHz, 200.69 W, 69
1, 1845 MHz, 6800 MHz, 219.37 W, 68
2, 1830 MHz, 6800 MHz, 218.63 W, 71
3, 1830 MHz, 6800 MHz, 211.20 W, 73
0, 1845 MHz, 6800 MHz, 190.37 W, 69
1, 1875 MHz, 6800 MHz, 219.08 W, 68
2, 1860 MHz, 6800 MHz, 222.35 W, 71
3, 1830 MHz, 6800 MHz, 207.02 W, 73
0, 1845 MHz, 6800 MHz, 208.32 W, 70
1, 1860 MHz, 6800 MHz, 224.34 W, 68
2, 1860 MHz, 6800 MHz, 231.95 W, 72
3, 1830 MHz, 6800 MHz, 213.91 W, 74
0, 1845 MHz, 6800 MHz, 97.71 W, 66
1, 1860 MHz, 6800 MHz, 116.49 W, 64
2, 1860 MHz, 6800 MHz, 123.66 W, 67
3, 1830 MHz, 6800 MHz, 108.72 W, 69
0, 1845 MHz, 6800 MHz, 95.54 W, 65
1, 1875 MHz, 6800 MHz, 111.61 W, 62
2, 1860 MHz, 6800 MHz, 122.82 W, 67
3, 1830 MHz, 6800 MHz, 106.10 W, 67
0, 1845 MHz, 6800 MHz, 187.69 W, 68
1, 1875 MHz, 6800 MHz, 209.70 W, 66
2, 1860 MHz, 6800 MHz, 228.26 W, 70
3, 1830 MHz, 6800 MHz, 196.06 W, 72
0, 1845 MHz, 6800 MHz, 148.37 W, 68
1, 1875 MHz, 6800 MHz, 150.68 W, 66
2, 1860 MHz, 6800 MHz, 143.39 W, 70
3, 1830 MHz, 6800 MHz, 111.94 W, 71
0, 1845 MHz, 6800 MHz, 187.66 W, 69
1, 1875 MHz, 6800 MHz, 217.16 W, 67
2, 1860 MHz, 6800 MHz, 219.36 W, 70
3, 1830 MHz, 6800 MHz, 197.97 W, 72
0, 1845 MHz, 6800 MHz, 201.21 W, 68
1, 1875 MHz, 6800 MHz, 224.71 W, 67
2, 1860 MHz, 6800 MHz, 223.09 W, 70
3, 1830 MHz, 6800 MHz, 198.86 W, 72
0, 1845 MHz, 6800 MHz, 195.58 W, 68
1, 1875 MHz, 6800 MHz, 218.71 W, 67
2, 1860 MHz, 6800 MHz, 224.89 W, 71
3, 1830 MHz, 6800 MHz, 204.84 W, 72
0, 1845 MHz, 6800 MHz, 195.86 W, 69
1, 1875 MHz, 6800 MHz, 217.69 W, 67
2, 1845 MHz, 6800 MHz, 227.87 W, 70
3, 1830 MHz, 6800 MHz, 205.83 W, 72
0, 1845 MHz, 6800 MHz, 190.40 W, 69
1, 1875 MHz, 6800 MHz, 220.10 W, 67
2, 1860 MHz, 6800 MHz, 222.73 W, 71
3, 1830 MHz, 6800 MHz, 200.20 W, 72
0, 1845 MHz, 6800 MHz, 191.41 W, 69
1, 1875 MHz, 6800 MHz, 215.59 W, 67
2, 1860 MHz, 6800 MHz, 219.84 W, 70
3, 1830 MHz, 6800 MHz, 209.76 W, 72
0, 1845 MHz, 6800 MHz, 191.75 W, 69
1, 1875 MHz, 6800 MHz, 221.81 W, 67
2, 1860 MHz, 6800 MHz, 229.30 W, 71
3, 1830 MHz, 6800 MHz, 210.00 W, 72
0, 1845 MHz, 6800 MHz, 192.49 W, 69
1, 1875 MHz, 6800 MHz, 220.31 W, 67
2, 1860 MHz, 6800 MHz, 225.53 W, 71
3, 1830 MHz, 6800 MHz, 205.58 W, 72
0, 1845 MHz, 6800 MHz, 198.13 W, 69
1, 1875 MHz, 6800 MHz, 222.72 W, 67
2, 1860 MHz, 6800 MHz, 213.03 W, 71
3, 1830 MHz, 6800 MHz, 205.73 W, 73
0, 1845 MHz, 6800 MHz, 199.18 W, 69
1, 1875 MHz, 6800 MHz, 224.31 W, 67
2, 1860 MHz, 6800 MHz, 223.87 W, 71
3, 1830 MHz, 6800 MHz, 204.51 W, 72
0, 1800 MHz, 6800 MHz, 193.48 W, 69
1, 1875 MHz, 6800 MHz, 213.32 W, 66
2, 1860 MHz, 6800 MHz, 208.14 W, 70
3, 1830 MHz, 6800 MHz, 187.04 W, 71
0, 1845 MHz, 6800 MHz, 195.58 W, 69
1, 1875 MHz, 6800 MHz, 219.98 W, 67
2, 1860 MHz, 6800 MHz, 227.38 W, 71
3, 1830 MHz, 6800 MHz, 204.32 W, 73
0, 1845 MHz, 6800 MHz, 130.99 W, 68
1, 1875 MHz, 6800 MHz, 122.09 W, 66
2, 1860 MHz, 6800 MHz, 147.94 W, 70
3, 1830 MHz, 6800 MHz, 129.07 W, 71
0, 1845 MHz, 6800 MHz, 193.22 W, 69
1, 1875 MHz, 6800 MHz, 220.82 W, 67
2, 1845 MHz, 6800 MHz, 222.60 W, 71
3, 1830 MHz, 6800 MHz, 209.94 W, 73
0, 1845 MHz, 6800 MHz, 128.39 W, 69
1, 1845 MHz, 6800 MHz, 167.45 W, 67
2, 1860 MHz, 6800 MHz, 249.05 W, 71
3, 1830 MHz, 6800 MHz, 220.21 W, 72
0, 1845 MHz, 6800 MHz, 194.60 W, 69
1, 1875 MHz, 6800 MHz, 211.36 W, 67
2, 1860 MHz, 6800 MHz, 230.97 W, 71
3, 1830 MHz, 6800 MHz, 206.40 W, 73
0, 1845 MHz, 6800 MHz, 209.81 W, 69
1, 1875 MHz, 6800 MHz, 226.74 W, 67
2, 1845 MHz, 6800 MHz, 244.55 W, 71
3, 1830 MHz, 6800 MHz, 221.37 W, 73
0, 1845 MHz, 6800 MHz, 198.63 W, 69
1, 1875 MHz, 6800 MHz, 219.95 W, 67
2, 1860 MHz, 6800 MHz, 226.48 W, 71
3, 1830 MHz, 6800 MHz, 205.92 W, 73
0, 1845 MHz, 6800 MHz, 198.83 W, 69
1, 1875 MHz, 6800 MHz, 209.28 W, 67
2, 1860 MHz, 6800 MHz, 230.71 W, 71
3, 1830 MHz, 6800 MHz, 207.05 W, 73
0, 1845 MHz, 6800 MHz, 193.57 W, 69
1, 1875 MHz, 6800 MHz, 221.30 W, 68
2, 1860 MHz, 6800 MHz, 232.04 W, 72
3, 1830 MHz, 6800 MHz, 207.44 W, 73
0, 1845 MHz, 6800 MHz, 196.27 W, 69
1, 1875 MHz, 6800 MHz, 222.32 W, 67
2, 1860 MHz, 6800 MHz, 226.69 W, 71
3, 1830 MHz, 6800 MHz, 209.23 W, 73
0, 1845 MHz, 6800 MHz, 193.61 W, 70
1, 1875 MHz, 6800 MHz, 216.45 W, 68
2, 1845 MHz, 6800 MHz, 241.62 W, 72
3, 1830 MHz, 6800 MHz, 204.37 W, 73
0, 1845 MHz, 6800 MHz, 208.70 W, 69
1, 1875 MHz, 6800 MHz, 226.86 W, 68
2, 1860 MHz, 6800 MHz, 219.97 W, 72
3, 1830 MHz, 6800 MHz, 213.79 W, 73
0, 1845 MHz, 6800 MHz, 201.68 W, 69
1, 1875 MHz, 6800 MHz, 213.73 W, 68
2, 1845 MHz, 6800 MHz, 232.90 W, 71
3, 1830 MHz, 6800 MHz, 209.31 W, 73
0, 1845 MHz, 6800 MHz, 198.17 W, 70
1, 1875 MHz, 6800 MHz, 225.63 W, 68
2, 1845 MHz, 6800 MHz, 223.96 W, 72
3, 1830 MHz, 6800 MHz, 211.24 W, 73
0, 1845 MHz, 6800 MHz, 199.79 W, 70
1, 1875 MHz, 6800 MHz, 228.82 W, 68
2, 1860 MHz, 6800 MHz, 232.15 W, 72
3, 1830 MHz, 6800 MHz, 218.82 W, 73
0, 1845 MHz, 6800 MHz, 199.49 W, 70
1, 1875 MHz, 6800 MHz, 212.71 W, 68
2, 1860 MHz, 6800 MHz, 230.08 W, 72
3, 1830 MHz, 6800 MHz, 210.64 W, 73
0, 1845 MHz, 6800 MHz, 199.87 W, 70
1, 1875 MHz, 6800 MHz, 222.36 W, 68
2, 1845 MHz, 6800 MHz, 222.04 W, 71
3, 1830 MHz, 6800 MHz, 214.20 W, 74
0, 1845 MHz, 6800 MHz, 196.59 W, 70
1, 1845 MHz, 6800 MHz, 215.57 W, 68
2, 1860 MHz, 6800 MHz, 218.53 W, 72
3, 1830 MHz, 6800 MHz, 204.71 W, 74
0, 1845 MHz, 6800 MHz, 194.25 W, 70
1, 1860 MHz, 6800 MHz, 224.54 W, 68
2, 1845 MHz, 6800 MHz, 211.78 W, 72
3, 1830 MHz, 6800 MHz, 212.75 W, 74
0, 1845 MHz, 6800 MHz, 198.95 W, 69
1, 1860 MHz, 6800 MHz, 227.26 W, 67
2, 1860 MHz, 6800 MHz, 228.50 W, 71
3, 1830 MHz, 6800 MHz, 209.88 W, 73
0, 1845 MHz, 6800 MHz, 195.26 W, 70
1, 1860 MHz, 6800 MHz, 223.05 W, 68
2, 1860 MHz, 6800 MHz, 218.89 W, 72
3, 1830 MHz, 6800 MHz, 212.98 W, 74
0, 1830 MHz, 6800 MHz, 214.92 W, 69
1, 1845 MHz, 6800 MHz, 173.23 W, 67
2, 1860 MHz, 6800 MHz, 252.27 W, 72
3, 1830 MHz, 6800 MHz, 228.32 W, 73
0, 1845 MHz, 6800 MHz, 202.83 W, 70
1, 1860 MHz, 6800 MHz, 210.36 W, 68
2, 1845 MHz, 6800 MHz, 232.18 W, 72
3, 1830 MHz, 6800 MHz, 215.96 W, 74
0, 1845 MHz, 6800 MHz, 133.62 W, 69
1, 1860 MHz, 6800 MHz, 183.37 W, 67
2, 1860 MHz, 6800 MHz, 139.79 W, 72
3, 1830 MHz, 6800 MHz, 135.04 W, 73
0, 1845 MHz, 6800 MHz, 205.54 W, 70
1, 1860 MHz, 6800 MHz, 216.77 W, 68
2, 1860 MHz, 6800 MHz, 231.28 W, 72
3, 1830 MHz, 6800 MHz, 220.82 W, 74
0, 1845 MHz, 6800 MHz, 147.66 W, 68
1, 1860 MHz, 6800 MHz, 168.22 W, 66
2, 1860 MHz, 6800 MHz, 132.37 W, 70
3, 1830 MHz, 6800 MHz, 119.95 W, 72
0, 1845 MHz, 6800 MHz, 205.37 W, 70
1, 1860 MHz, 6800 MHz, 203.70 W, 68
2, 1845 MHz, 6800 MHz, 224.43 W, 72
3, 1830 MHz, 6800 MHz, 216.31 W, 74
0, 1815 MHz, 6800 MHz, 199.12 W, 70
1, 1860 MHz, 6800 MHz, 195.61 W, 67
2, 1845 MHz, 6800 MHz, 227.17 W, 70
3, 1830 MHz, 6800 MHz, 220.38 W, 72
0, 1845 MHz, 6800 MHz, 206.35 W, 70
1, 1860 MHz, 6800 MHz, 221.65 W, 68
2, 1845 MHz, 6800 MHz, 226.57 W, 72
3, 1830 MHz, 6800 MHz, 217.82 W, 74
0, 1845 MHz, 6800 MHz, 199.09 W, 70
1, 1860 MHz, 6800 MHz, 224.03 W, 68
2, 1845 MHz, 6800 MHz, 228.24 W, 72
3, 1830 MHz, 6800 MHz, 206.48 W, 74
0, 1845 MHz, 6800 MHz, 202.76 W, 70
1, 1860 MHz, 6800 MHz, 216.78 W, 68
2, 1860 MHz, 6800 MHz, 236.80 W, 73
3, 1830 MHz, 6800 MHz, 206.00 W, 74
0, 1845 MHz, 6800 MHz, 207.37 W, 70
1, 1860 MHz, 6800 MHz, 226.41 W, 68
2, 1845 MHz, 6800 MHz, 213.14 W, 72
3, 1830 MHz, 6800 MHz, 219.43 W, 75
0, 1845 MHz, 6800 MHz, 198.30 W, 70
1, 1860 MHz, 6800 MHz, 228.46 W, 68
2, 1830 MHz, 6800 MHz, 211.71 W, 72
3, 1800 MHz, 6800 MHz, 213.33 W, 74
0, 1845 MHz, 6800 MHz, 202.19 W, 70
1, 1860 MHz, 6800 MHz, 223.23 W, 68
2, 1845 MHz, 6800 MHz, 227.43 W, 72
3, 1830 MHz, 6800 MHz, 222.64 W, 75
0, 1845 MHz, 6800 MHz, 191.29 W, 70
1, 1860 MHz, 6800 MHz, 216.74 W, 68
2, 1860 MHz, 6800 MHz, 237.75 W, 72
3, 1800 MHz, 6800 MHz, 221.22 W, 74
0, 1845 MHz, 6800 MHz, 208.44 W, 70
1, 1860 MHz, 6800 MHz, 219.91 W, 68
2, 1845 MHz, 6800 MHz, 231.39 W, 72
3, 1830 MHz, 6800 MHz, 207.48 W, 74
0, 1845 MHz, 6800 MHz, 209.81 W, 70
1, 1860 MHz, 6800 MHz, 223.60 W, 67
2, 1845 MHz, 6800 MHz, 206.55 W, 72
3, 1830 MHz, 6800 MHz, 199.54 W, 75
0, 1845 MHz, 6800 MHz, 206.05 W, 70
1, 1860 MHz, 6800 MHz, 205.52 W, 68
2, 1860 MHz, 6800 MHz, 239.04 W, 72
3, 1830 MHz, 6800 MHz, 225.43 W, 74
0, 1845 MHz, 6800 MHz, 207.40 W, 70
1, 1860 MHz, 6800 MHz, 221.51 W, 67
2, 1845 MHz, 6800 MHz, 226.45 W, 72
3, 1830 MHz, 6800 MHz, 222.14 W, 74
0, 1830 MHz, 6800 MHz, 209.25 W, 70
1, 1845 MHz, 6800 MHz, 227.20 W, 68
2, 1845 MHz, 6800 MHz, 226.10 W, 72
3, 1830 MHz, 6800 MHz, 206.84 W, 74
0, 1845 MHz, 6800 MHz, 218.96 W, 70
1, 1845 MHz, 6800 MHz, 223.93 W, 67
2, 1830 MHz, 6800 MHz, 207.18 W, 71
3, 1830 MHz, 6800 MHz, 226.65 W, 74
0, 1830 MHz, 6800 MHz, 208.67 W, 70
1, 1830 MHz, 6800 MHz, 219.70 W, 68
2, 1845 MHz, 6800 MHz, 236.57 W, 72
3, 1815 MHz, 6800 MHz, 219.36 W, 74
0, 1845 MHz, 6800 MHz, 199.32 W, 69
1, 1860 MHz, 6800 MHz, 138.42 W, 66
2, 1845 MHz, 6800 MHz, 162.69 W, 70
3, 1830 MHz, 6800 MHz, 194.68 W, 72
0, 1845 MHz, 6800 MHz, 200.29 W, 70
1, 1860 MHz, 6800 MHz, 225.15 W, 68
2, 1860 MHz, 6800 MHz, 238.78 W, 72
3, 1830 MHz, 6800 MHz, 224.69 W, 75
0, 1830 MHz, 6800 MHz, 200.37 W, 70
1, 1860 MHz, 6800 MHz, 230.12 W, 68
2, 1830 MHz, 6800 MHz, 229.54 W, 72
3, 1830 MHz, 6800 MHz, 228.60 W, 75
0, 1845 MHz, 6800 MHz, 193.03 W, 71
1, 1845 MHz, 6800 MHz, 206.14 W, 68
2, 1845 MHz, 6800 MHz, 207.99 W, 72
3, 1830 MHz, 6800 MHz, 219.75 W, 74
0, 1845 MHz, 6800 MHz, 210.74 W, 71
1, 1860 MHz, 6800 MHz, 221.28 W, 68
2, 1845 MHz, 6800 MHz, 217.03 W, 72
3, 1830 MHz, 6800 MHz, 216.43 W, 75
0, 1845 MHz, 6800 MHz, 197.97 W, 70
1, 1860 MHz, 6800 MHz, 229.50 W, 68
2, 1845 MHz, 6800 MHz, 219.67 W, 72
3, 1830 MHz, 6800 MHz, 212.30 W, 75
0, 1845 MHz, 6800 MHz, 205.76 W, 71
1, 1860 MHz, 6800 MHz, 228.18 W, 68
2, 1830 MHz, 6800 MHz, 229.78 W, 72
3, 1830 MHz, 6800 MHz, 218.32 W, 75
0, 1845 MHz, 6800 MHz, 213.35 W, 72
1, 1860 MHz, 6800 MHz, 223.84 W, 69
2, 1860 MHz, 6800 MHz, 240.28 W, 73
3, 1830 MHz, 6800 MHz, 218.70 W, 76
0, 1845 MHz, 6800 MHz, 99.44 W, 67
1, 1860 MHz, 6800 MHz, 115.68 W, 64
2, 1860 MHz, 6800 MHz, 124.96 W, 69
3, 1830 MHz, 6800 MHz, 110.11 W, 70
0, 1845 MHz, 6800 MHz, 205.49 W, 71
1, 1875 MHz, 6800 MHz, 218.78 W, 67
2, 1860 MHz, 6800 MHz, 230.11 W, 72
3, 1830 MHz, 6800 MHz, 208.05 W, 74
0, 1845 MHz, 6800 MHz, 206.99 W, 71
1, 1875 MHz, 6800 MHz, 220.40 W, 68
2, 1860 MHz, 6800 MHz, 226.58 W, 72
3, 1830 MHz, 6800 MHz, 212.70 W, 74
0, 1845 MHz, 6800 MHz, 205.53 W, 71
1, 1875 MHz, 6800 MHz, 220.00 W, 68
2, 1860 MHz, 6800 MHz, 231.44 W, 73
3, 1830 MHz, 6800 MHz, 213.47 W, 75
0, 1845 MHz, 6800 MHz, 98.35 W, 66
1, 1860 MHz, 6800 MHz, 115.10 W, 64
2, 1860 MHz, 6800 MHz, 124.94 W, 68
3, 1830 MHz, 6800 MHz, 113.14 W, 70
